C51 COMPILER V9.60.0.0   SYSTEM_INIT                                                       05/25/2023 19:29:05 PAGE 1   


C51 COMPILER V9.60.0.0, COMPILATION OF MODULE SYSTEM_INIT
OBJECT MODULE PLACED IN .\Objects\System_init.obj
COMPILER INVOKED BY: D:\Keil\C51\BIN\C51.EXE User\src\System_init.c OPTIMIZE(8,SPEED) BROWSE INCDIR(.\User\inc;.\STC8Ax_
                    -LIB\inc;.\STC8Ax_LIB\core) DEBUG OBJECTEXTEND PRINT(.\Listings\System_init.lst) OBJECT(.\Objects\System_init.obj)

line level    source

   1          /*-------------------------------------------------------------------
   2          /*      (C) Copyright 2023, PSYM. All Rights Reserved 
   3          /*-------------------------------------------------------------------
   4          /* File name   : System_init.c
   5          /* Description : 
   6          /* Author      : PSYM
   7          /*-------------------------------------------------------------------
   8          /* Update note:
   9          /* -----------   -----------   --------------------------------------
  10          /*    Date         Author                       Note
  11          /* -----------   -----------   --------------------------------------
  12          /* 2023-05-25,     psym
  13          /*   14:06
  14          **/
  15          
  16          /* 包含头文件 -------------------------------------------------------*/
  17          #include "System_init.h"
  18          #include "STC8Ax_GPIO.h"
  19          
  20          /* 私有类型定义 -----------------------------------------------------*/
  21          /* None. */
  22          
  23          /* 私有宏定义 -------------------------------------------------------*/
  24          /* None. */
  25          
  26          /* 私有变量 ---------------------------------------------------------*/
  27          /* None. */
  28          
  29          /* 扩展变量 ---------------------------------------------------------*/
  30          /* None. */
  31          
  32          /* 私有函数原形 -----------------------------------------------------*/
  33          /* None. */
  34          
  35          /* 函数体 -----------------------------------------------------------*/
  36          
  37          /* 第一区 初始化单片机 */
  38          /**
  39           * 功能：初始化单片机引脚
  40           * 参数：None
  41           * 返回：None
  42           * 说明：初始化P1 P2 P5引脚
  43           */
  44          void System_Init()
  45          {
  46   1          GPIO_Init(GPIO_P0, Pin_All, GPIO_MODE_OUT_PP);
  47   1      
  48   1          // 将P1所有引脚配置为推挽输出模式
  49   1          GPIO_Init(GPIO_P1, Pin_All, GPIO_MODE_OUT_PP);
  50   1      
  51   1          // 将P2所有引脚配置为准双向口输出模式
  52   1          GPIO_Init(GPIO_P2, Pin_All, GPIO_MODE_WEAK_PULL);
  53   1      
  54   1          // 初始化LCD显示屏
C51 COMPILER V9.60.0.0   SYSTEM_INIT                                                       05/25/2023 19:29:05 PAGE 2   

  55   1          LCD1602_Init();
  56   1          Time0_Config();
  57   1      }
  58          
  59          /* 第二区 初始化外围 */
  60          /**
  61          * 功能：初始化定时器
  62          * 参数：None
  63          * 返回：None
  64          * 说明：
  65          */
  66          void Peripheral_Init() // 初始化外围
  67          {
  68   1         AUXR &= 0x7F; // 定时器时钟12T模式
  69   1         EA = 1; // 开总中断
  70   1      }
  71          /*>>>>>>>>>> (C) COPYRIGHT PSYM <<<<<< >>>>>> END OF FILE <<<<<<<<<<*/


MODULE INFORMATION:   STATIC OVERLAYABLE
   CODE SIZE        =     30    ----
   CONSTANT SIZE    =   ----    ----
   XDATA SIZE       =   ----    ----
   PDATA SIZE       =   ----    ----
   DATA SIZE        =   ----    ----
   IDATA SIZE       =   ----    ----
   BIT SIZE         =   ----    ----
END OF MODULE INFORMATION.


C51 COMPILATION COMPLETE.  0 WARNING(S),  0 ERROR(S)
